Running Gradle task 'assembleDebug'...                             41.6s
√ Built build\app\outputs\flutter-apk\app-debug.apk
